2026-02-09 11:11:19 - Data: Array
(
)

POST: Array
(
)

FILES: Array
(
)

2026-02-09 11:12:28 - Method: POST
Content-Type: multipart/form-data; boundary=----WebKitFormBoundaryBR8EcIiB0aaEktTh
Data: Array
(
)

POST: Array
(
)

2026-02-09 11:13:43 - Method: POST
Content-Type: multipart/form-data; boundary=----WebKitFormBoundaryJ9LcibBjdDsOLAzQ
Data: Array
(
)

POST: Array
(
)

2026-02-09 11:15:07 - Method: POST
Content-Type: multipart/form-data; boundary=----WebKitFormBoundarykixjLKsBbey8IRGs
Data: Array
(
)

POST: Array
(
)

2026-02-09 11:16:51 - Method: POST
Content-Type: multipart/form-data; boundary=----WebKitFormBoundaryVaZgXKIAdZsMR0Cz
Data: Array
(
)

POST: Array
(
)

2026-02-09 11:17:52 - Method: POST
Content-Type: application/json
Data: Array
(
)

POST: Array
(
)

